app/(public)/profile/[userId]/page.tsx(53,32): error TS2461: Type 'ReactNode' is not an array type.
app/api/profile/route.ts(24,20): error TS2339: Property 'user' does not exist on type '{}'.
